ARM Linker, 5.02 [Build 28] [MDK-ARM Lite]

==============================================================================

Section Cross References

    startup_lpc17xx.o(RESET) refers to startup_lpc17xx.o(STACK) for __initial_sp
    startup_lpc17xx.o(RESET) refers to startup_lpc17xx.o(.text) for Reset_Handler
    startup_lpc17xx.o(RESET) refers to hal_cm3.o(.emb_text) for SVC_Handler
    startup_lpc17xx.o(.text) refers to system_lpc17xx.o(.text) for SystemInit
    startup_lpc17xx.o(.text) refers to entry.o(.ARM.Collect$$$$00000000) for __main
    system_lpc17xx.o(.text) refers to uldiv.o(.text) for __aeabi_uldivmod
    system_lpc17xx.o(.text) refers to system_lpc17xx.o(.data) for .data
    glcd_spi_lpc1700.o(.text) refers to glcd_spi_lpc1700.o(.data) for .data
    glcd_spi_lpc1700.o(.text) refers to glcd_spi_lpc1700.o(.constdata) for .constdata
    led.o(.text) refers to led.o(.constdata) for .constdata
    adc.o(.text) refers to adc.o(.data) for .data
    snake_game.o(.text) refers to glcd_spi_lpc1700.o(.text) for GLCD_Bitmap
    snake_game.o(.text) refers to rand.o(.text) for rand
    snake_game.o(.text) refers to led.o(.text) for LED_On
    snake_game.o(.text) refers to kbd.o(.text) for INT0_Get
    snake_game.o(.text) refers to snake_game.o(.bss) for .bss
    snake_game.o(.text) refers to snake_game.o(.data) for .data
    snake_game.o(.text) refers to rt_task.o(i.rt_tsk_delete) for rt_tsk_delete
    snake_game.o(.text) refers to rt_task.o(i.rt_tsk_create) for rt_tsk_create
    snake_game.o(.text) refers to serial.o(.text) for SER_Init
    snake_game.o(.text) refers to adc.o(.text) for ADC_Init
    snake_game.o(.text) refers to system_lpc17xx.o(.text) for SystemInit
    snake_game.o(.text) refers to hal_cm3.o(.emb_text) for os_set_env
    snake_game.o(.text) refers to system_lpc17xx.o(.data) for SystemCoreClock
    snake_game.o(.text) refers to rt_task.o(i.rt_sys_init) for rt_sys_init
    rt_task.o(i.rt_block) refers to rt_list.o(i.rt_put_dly) for rt_put_dly
    rt_task.o(i.rt_block) refers to rt_list.o(i.rt_get_first) for rt_get_first
    rt_task.o(i.rt_block) refers to rt_task.o(i.rt_switch_req) for rt_switch_req
    rt_task.o(i.rt_block) refers to rt_task.o(.data) for .data
    rt_task.o(i.rt_block) refers to rt_list.o(.bss) for os_rdy
    rt_task.o(i.rt_dispatch) refers to rt_list.o(i.rt_put_rdy_first) for rt_put_rdy_first
    rt_task.o(i.rt_dispatch) refers to rt_task.o(i.rt_switch_req) for rt_switch_req
    rt_task.o(i.rt_dispatch) refers to rt_list.o(i.rt_get_first) for rt_get_first
    rt_task.o(i.rt_dispatch) refers to rt_list.o(i.rt_put_prio) for rt_put_prio
    rt_task.o(i.rt_dispatch) refers to rt_task.o(.data) for .data
    rt_task.o(i.rt_dispatch) refers to rt_list.o(.bss) for os_rdy
    rt_task.o(i.rt_init_context) refers to rt_membox.o(i.rt_alloc_box) for rt_alloc_box
    rt_task.o(i.rt_init_context) refers to hal_cm3.o(i.rt_init_stack) for rt_init_stack
    rt_task.o(i.rt_init_context) refers to rtx_conf_cm.o(.bss) for mp_stk
    rt_task.o(i.rt_switch_req) refers to hal_cm3.o(i.dbg_task_switch) for dbg_task_switch
    rt_task.o(i.rt_switch_req) refers to rt_task.o(.data) for .data
    rt_task.o(i.rt_switch_req) refers to hal_cm3.o(.data) for dbg_msg
    rt_task.o(i.rt_sys_init) refers to hal_cm3.o(i.dbg_init) for dbg_init
    rt_task.o(i.rt_sys_init) refers to rt_membox.o(i._init_box) for _init_box
    rt_task.o(i.rt_sys_init) refers to rt_task.o(i.rt_init_context) for rt_init_context
    rt_task.o(i.rt_sys_init) refers to hal_cm3.o(.emb_text) for rt_set_PSP
    rt_task.o(i.rt_sys_init) refers to rt_robin.o(i.rt_init_robin) for rt_init_robin
    rt_task.o(i.rt_sys_init) refers to rt_system.o(i.os_tick_init) for os_tick_init
    rt_task.o(i.rt_sys_init) refers to rt_task.o(i.rt_tsk_create) for rt_tsk_create
    rt_task.o(i.rt_sys_init) refers to rtx_conf_cm.o(.bss) for os_active_TCB
    rt_task.o(i.rt_sys_init) refers to rtx_conf_cm.o(.constdata) for os_maxtaskrun
    rt_task.o(i.rt_sys_init) refers to rtx_conf_cm.o(.constdata) for mp_tcb_size
    rt_task.o(i.rt_sys_init) refers to rtx_conf_cm.o(.bss) for mp_tcb
    rt_task.o(i.rt_sys_init) refers to rtx_conf_cm.o(.constdata) for os_stackinfo
    rt_task.o(i.rt_sys_init) refers to rtx_conf_cm.o(.constdata) for mp_stk_size
    rt_task.o(i.rt_sys_init) refers to rtx_conf_cm.o(.bss) for mp_stk
    rt_task.o(i.rt_sys_init) refers to rtx_conf_cm.o(.constdata) for mp_tmr_size
    rt_task.o(i.rt_sys_init) refers to rtx_conf_cm.o(.data) for m_tmr
    rt_task.o(i.rt_sys_init) refers to rt_task.o(.bss) for .bss
    rt_task.o(i.rt_sys_init) refers to rtx_conf_cm.o(.text) for os_idle_demon
    rt_task.o(i.rt_sys_init) refers to rt_list.o(.bss) for os_rdy
    rt_task.o(i.rt_sys_init) refers to rt_task.o(.data) for .data
    rt_task.o(i.rt_sys_init) refers to rtx_conf_cm.o(.bss) for os_fifo
    rt_task.o(i.rt_sys_init) refers to rtx_conf_cm.o(.constdata) for os_fifo_size
    rt_task.o(i.rt_sys_init) refers to rt_system.o(.data) for os_tick_irqn
    rt_task.o(i.rt_tsk_create) refers to rt_membox.o(i.rt_alloc_box) for rt_alloc_box
    rt_task.o(i.rt_tsk_create) refers to rt_task.o(i.rt_init_context) for rt_init_context
    rt_task.o(i.rt_tsk_create) refers to hal_cm3.o(i.dbg_task_notify) for dbg_task_notify
    rt_task.o(i.rt_tsk_create) refers to rt_task.o(i.rt_dispatch) for rt_dispatch
    rt_task.o(i.rt_tsk_create) refers to rtx_conf_cm.o(.bss) for mp_tcb
    rt_task.o(i.rt_tsk_create) refers to rtx_conf_cm.o(.bss) for os_active_TCB
    rt_task.o(i.rt_tsk_create) refers to rtx_conf_cm.o(.constdata) for os_maxtaskrun
    rt_task.o(i.rt_tsk_create) refers to hal_cm3.o(.data) for dbg_msg
    rt_task.o(i.rt_tsk_create) refers to rt_task.o(.data) for .data
    rt_task.o(i.rt_tsk_delete) refers to hal_cm3.o(.emb_text) for rt_get_PSP
    rt_task.o(i.rt_tsk_delete) refers to rt_system.o(i.rt_stk_check) for rt_stk_check
    rt_task.o(i.rt_tsk_delete) refers to rt_membox.o(i.rt_free_box) for rt_free_box
    rt_task.o(i.rt_tsk_delete) refers to hal_cm3.o(i.dbg_task_notify) for dbg_task_notify
    rt_task.o(i.rt_tsk_delete) refers to rt_task.o(i.rt_dispatch) for rt_dispatch
    rt_task.o(i.rt_tsk_delete) refers to rt_list.o(i.rt_rmv_list) for rt_rmv_list
    rt_task.o(i.rt_tsk_delete) refers to rt_list.o(i.rt_rmv_dly) for rt_rmv_dly
    rt_task.o(i.rt_tsk_delete) refers to hal_cm3.o(.data) for dbg_msg
    rt_task.o(i.rt_tsk_delete) refers to rt_task.o(.data) for .data
    rt_task.o(i.rt_tsk_delete) refers to rtx_conf_cm.o(.bss) for os_active_TCB
    rt_task.o(i.rt_tsk_delete) refers to rtx_conf_cm.o(.bss) for mp_stk
    rt_task.o(i.rt_tsk_delete) refers to rtx_conf_cm.o(.bss) for mp_tcb
    rt_task.o(i.rt_tsk_delete) refers to rtx_conf_cm.o(.constdata) for os_maxtaskrun
    rt_task.o(i.rt_tsk_pass) refers to rt_list.o(i.rt_get_same_rdy_prio) for rt_get_same_rdy_prio
    rt_task.o(i.rt_tsk_pass) refers to rt_list.o(i.rt_put_prio) for rt_put_prio
    rt_task.o(i.rt_tsk_pass) refers to rt_task.o(i.rt_switch_req) for rt_switch_req
    rt_task.o(i.rt_tsk_pass) refers to rt_task.o(.data) for .data
    rt_task.o(i.rt_tsk_pass) refers to rt_list.o(.bss) for os_rdy
    rt_task.o(i.rt_tsk_prio) refers to rt_list.o(i.rt_put_prio) for rt_put_prio
    rt_task.o(i.rt_tsk_prio) refers to rt_list.o(i.rt_resort_prio) for rt_resort_prio
    rt_task.o(i.rt_tsk_prio) refers to rt_list.o(i.rt_get_first) for rt_get_first
    rt_task.o(i.rt_tsk_prio) refers to rt_task.o(i.rt_dispatch) for rt_dispatch
    rt_task.o(i.rt_tsk_prio) refers to rt_task.o(.data) for .data
    rt_task.o(i.rt_tsk_prio) refers to rtx_conf_cm.o(.constdata) for os_maxtaskrun
    rt_task.o(i.rt_tsk_prio) refers to rtx_conf_cm.o(.bss) for os_active_TCB
    rt_task.o(i.rt_tsk_prio) refers to rt_list.o(.bss) for os_rdy
    rt_task.o(i.rt_tsk_self) refers to rt_task.o(.data) for .data
    hal_cm3.o(.emb_text) refers to rtx_conf_cm.o(.constdata) for os_flags
    hal_cm3.o(.emb_text) refers to rt_membox.o(i.rt_alloc_box) for rt_alloc_box
    hal_cm3.o(.emb_text) refers to rt_membox.o(i.rt_free_box) for rt_free_box
    hal_cm3.o(.emb_text) refers to rt_system.o(i.rt_stk_check) for rt_stk_check
    hal_cm3.o(.emb_text) refers to rt_task.o(.data) for os_tsk
    hal_cm3.o(.emb_text) refers to SVC_Table.o(SVC_TABLE) for SVC_Count
    hal_cm3.o(.emb_text) refers to rt_system.o(i.rt_pop_req) for rt_pop_req
    hal_cm3.o(.emb_text) refers to rt_system.o(i.rt_systick) for rt_systick
    hal_cm3.o(.emb_text) refers to rt_system.o(i.os_tick_irqack) for os_tick_irqack
    hal_cm3.o(i.dbg_init) refers to hal_cm3.o(.data) for .data
    hal_cm3.o(i.rt_init_stack) refers to rtx_conf_cm.o(.constdata) for os_stackinfo
    rt_system.o(i.os_tick_init) refers to rtx_conf_cm.o(.constdata) for os_trv
    rt_system.o(i.rt_pop_req) refers to rt_list.o(i.rt_put_rdy_first) for rt_put_rdy_first
    rt_system.o(i.rt_pop_req) refers to rt_semaphore.o(i.rt_sem_psh) for rt_sem_psh
    rt_system.o(i.rt_pop_req) refers to rt_list.o(i.rt_get_first) for rt_get_first
    rt_system.o(i.rt_pop_req) refers to rt_task.o(i.rt_switch_req) for rt_switch_req
    rt_system.o(i.rt_pop_req) refers to rt_event.o(i.rt_evt_psh) for rt_evt_psh
    rt_system.o(i.rt_pop_req) refers to rt_mailbox.o(i.rt_mbx_psh) for rt_mbx_psh
    rt_system.o(i.rt_pop_req) refers to rt_task.o(.data) for os_tsk
    rt_system.o(i.rt_pop_req) refers to rtx_conf_cm.o(.bss) for os_fifo
    rt_system.o(i.rt_pop_req) refers to rt_list.o(.bss) for os_rdy
    rt_system.o(i.rt_psh_req) refers to rt_system.o(.data) for .data
    rt_system.o(i.rt_resume) refers to rt_list.o(i.rt_put_rdy_first) for rt_put_rdy_first
    rt_system.o(i.rt_resume) refers to rt_list.o(i.rt_dec_dly) for rt_dec_dly
    rt_system.o(i.rt_resume) refers to rt_timer.o(i.rt_tmr_tick) for rt_tmr_tick
    rt_system.o(i.rt_resume) refers to rt_list.o(i.rt_get_first) for rt_get_first
    rt_system.o(i.rt_resume) refers to rt_task.o(i.rt_switch_req) for rt_switch_req
    rt_system.o(i.rt_resume) refers to rt_system.o(i.rt_tsk_unlock) for rt_tsk_unlock
    rt_system.o(i.rt_resume) refers to rt_task.o(.data) for os_tsk
    rt_system.o(i.rt_resume) refers to rt_robin.o(.data) for os_robin
    rt_system.o(i.rt_resume) refers to rt_list.o(.bss) for os_dly
    rt_system.o(i.rt_resume) refers to rt_time.o(.data) for os_time
    rt_system.o(i.rt_resume) refers to rt_timer.o(.data) for os_tmr
    rt_system.o(i.rt_stk_check) refers to rtx_conf_cm.o(.text) for os_error
    rt_system.o(i.rt_stk_check) refers to rt_task.o(.data) for os_tsk
    rt_system.o(i.rt_suspend) refers to rt_system.o(i.rt_tsk_lock) for rt_tsk_lock
    rt_system.o(i.rt_suspend) refers to rt_list.o(.bss) for os_dly
    rt_system.o(i.rt_suspend) refers to rt_timer.o(.data) for os_tmr
    rt_system.o(i.rt_systick) refers to rt_list.o(i.rt_put_rdy_first) for rt_put_rdy_first
    rt_system.o(i.rt_systick) refers to rt_robin.o(i.rt_chk_robin) for rt_chk_robin
    rt_system.o(i.rt_systick) refers to rt_list.o(i.rt_dec_dly) for rt_dec_dly
    rt_system.o(i.rt_systick) refers to rt_timer.o(i.rt_tmr_tick) for rt_tmr_tick
    rt_system.o(i.rt_systick) refers to rt_list.o(i.rt_get_first) for rt_get_first
    rt_system.o(i.rt_systick) refers to rt_task.o(i.rt_switch_req) for rt_switch_req
    rt_system.o(i.rt_systick) refers to rt_task.o(.data) for os_tsk
    rt_system.o(i.rt_systick) refers to rt_time.o(.data) for os_time
    rt_system.o(i.rt_systick) refers to rt_list.o(.bss) for os_rdy
    rt_system.o(i.rt_tsk_lock) refers to rt_system.o(.data) for .data
    rt_system.o(i.rt_tsk_unlock) refers to rt_system.o(.data) for .data
    rt_list.o(i.rt_dec_dly) refers to rt_list.o(i.rt_put_prio) for rt_put_prio
    rt_list.o(i.rt_dec_dly) refers to rt_list.o(.bss) for .bss
    rt_list.o(i.rt_dec_dly) refers to rt_time.o(.data) for os_time
    rt_list.o(i.rt_get_same_rdy_prio) refers to rt_list.o(.bss) for .bss
    rt_list.o(i.rt_get_same_rdy_prio) refers to rt_task.o(.data) for os_tsk
    rt_list.o(i.rt_psq_enq) refers to rtx_conf_cm.o(.text) for os_error
    rt_list.o(i.rt_psq_enq) refers to rtx_conf_cm.o(.bss) for os_fifo
    rt_list.o(i.rt_put_dly) refers to rt_list.o(.bss) for .bss
    rt_list.o(i.rt_put_rdy_first) refers to rt_list.o(.bss) for .bss
    rt_list.o(i.rt_resort_prio) refers to rt_list.o(i.rt_rmv_list) for rt_rmv_list
    rt_list.o(i.rt_resort_prio) refers to rt_list.o(i.rt_put_prio) for rt_put_prio
    rt_list.o(i.rt_resort_prio) refers to rt_list.o(.bss) for .bss
    rt_list.o(i.rt_rmv_list) refers to rt_list.o(.bss) for .bss
    rt_robin.o(i.rt_chk_robin) refers to rt_list.o(i.rt_get_first) for rt_get_first
    rt_robin.o(i.rt_chk_robin) refers to rt_list.o(i.rt_put_prio) for rt_put_prio
    rt_robin.o(i.rt_chk_robin) refers to rt_robin.o(.data) for .data
    rt_robin.o(i.rt_chk_robin) refers to rt_list.o(.bss) for os_rdy
    rt_robin.o(i.rt_chk_robin) refers to rt_time.o(.data) for os_time
    rt_robin.o(i.rt_init_robin) refers to rt_robin.o(.data) for .data
    rt_robin.o(i.rt_init_robin) refers to rtx_conf_cm.o(.constdata) for os_rrobin
    rt_membox.o(i._calloc_box) refers to hal_cm3.o(.emb_text) for _alloc_box
    rt_event.o(i.isr_evt_set) refers to rt_list.o(i.rt_psq_enq) for rt_psq_enq
    rt_event.o(i.isr_evt_set) refers to rt_system.o(i.rt_psh_req) for rt_psh_req
    rt_event.o(i.isr_evt_set) refers to rtx_conf_cm.o(.bss) for os_active_TCB
    rt_event.o(i.rt_evt_clr) refers to rtx_conf_cm.o(.bss) for os_active_TCB
    rt_event.o(i.rt_evt_get) refers to rt_task.o(.data) for os_tsk
    rt_event.o(i.rt_evt_psh) refers to rt_list.o(i.rt_rmv_dly) for rt_rmv_dly
    rt_event.o(i.rt_evt_psh) refers to rt_list.o(i.rt_put_prio) for rt_put_prio
    rt_event.o(i.rt_evt_psh) refers to rt_list.o(.bss) for os_rdy
    rt_event.o(i.rt_evt_set) refers to rt_list.o(i.rt_rmv_dly) for rt_rmv_dly
    rt_event.o(i.rt_evt_set) refers to rt_task.o(i.rt_dispatch) for rt_dispatch
    rt_event.o(i.rt_evt_set) refers to rtx_conf_cm.o(.bss) for os_active_TCB
    rt_event.o(i.rt_evt_wait) refers to rt_task.o(i.rt_block) for rt_block
    rt_event.o(i.rt_evt_wait) refers to rt_task.o(.data) for os_tsk
    rt_mailbox.o(i.isr_mbx_receive) refers to rt_list.o(i.rt_psq_enq) for rt_psq_enq
    rt_mailbox.o(i.isr_mbx_receive) refers to rt_system.o(i.rt_psh_req) for rt_psh_req
    rt_mailbox.o(i.isr_mbx_send) refers to rt_list.o(i.rt_psq_enq) for rt_psq_enq
    rt_mailbox.o(i.isr_mbx_send) refers to rt_system.o(i.rt_psh_req) for rt_psh_req
    rt_mailbox.o(i.rt_mbx_psh) refers to rt_list.o(i.rt_get_first) for rt_get_first
    rt_mailbox.o(i.rt_mbx_psh) refers to rt_list.o(i.rt_rmv_dly) for rt_rmv_dly
    rt_mailbox.o(i.rt_mbx_psh) refers to rt_list.o(i.rt_put_prio) for rt_put_prio
    rt_mailbox.o(i.rt_mbx_psh) refers to rtx_conf_cm.o(.text) for os_error
    rt_mailbox.o(i.rt_mbx_psh) refers to rt_list.o(.bss) for os_rdy
    rt_mailbox.o(i.rt_mbx_send) refers to rt_list.o(i.rt_put_prio) for rt_put_prio
    rt_mailbox.o(i.rt_mbx_send) refers to rt_list.o(i.rt_get_first) for rt_get_first
    rt_mailbox.o(i.rt_mbx_send) refers to rt_list.o(i.rt_rmv_dly) for rt_rmv_dly
    rt_mailbox.o(i.rt_mbx_send) refers to rt_task.o(i.rt_dispatch) for rt_dispatch
    rt_mailbox.o(i.rt_mbx_send) refers to rt_task.o(i.rt_block) for rt_block
    rt_mailbox.o(i.rt_mbx_send) refers to rt_task.o(.data) for os_tsk
    rt_mailbox.o(i.rt_mbx_wait) refers to rt_list.o(i.rt_get_first) for rt_get_first
    rt_mailbox.o(i.rt_mbx_wait) refers to rt_list.o(i.rt_rmv_dly) for rt_rmv_dly
    rt_mailbox.o(i.rt_mbx_wait) refers to rt_task.o(i.rt_dispatch) for rt_dispatch
    rt_mailbox.o(i.rt_mbx_wait) refers to rt_list.o(i.rt_put_prio) for rt_put_prio
    rt_mailbox.o(i.rt_mbx_wait) refers to rt_task.o(i.rt_block) for rt_block
    rt_mailbox.o(i.rt_mbx_wait) refers to rt_task.o(.data) for os_tsk
    rt_semaphore.o(i.isr_sem_send) refers to rt_list.o(i.rt_psq_enq) for rt_psq_enq
    rt_semaphore.o(i.isr_sem_send) refers to rt_system.o(i.rt_psh_req) for rt_psh_req
    rt_semaphore.o(i.rt_sem_psh) refers to rt_list.o(i.rt_get_first) for rt_get_first
    rt_semaphore.o(i.rt_sem_psh) refers to rt_list.o(i.rt_rmv_dly) for rt_rmv_dly
    rt_semaphore.o(i.rt_sem_psh) refers to rt_list.o(i.rt_put_prio) for rt_put_prio
    rt_semaphore.o(i.rt_sem_psh) refers to rt_list.o(.bss) for os_rdy
    rt_semaphore.o(i.rt_sem_send) refers to rt_list.o(i.rt_get_first) for rt_get_first
    rt_semaphore.o(i.rt_sem_send) refers to rt_list.o(i.rt_rmv_dly) for rt_rmv_dly
    rt_semaphore.o(i.rt_sem_send) refers to rt_task.o(i.rt_dispatch) for rt_dispatch
    rt_semaphore.o(i.rt_sem_send) refers to rt_task.o(.data) for os_tsk
    rt_semaphore.o(i.rt_sem_wait) refers to rt_list.o(i.rt_put_prio) for rt_put_prio
    rt_semaphore.o(i.rt_sem_wait) refers to rt_task.o(i.rt_block) for rt_block
    rt_semaphore.o(i.rt_sem_wait) refers to rt_task.o(.data) for os_tsk
    rt_time.o(i.rt_dly_wait) refers to rt_task.o(i.rt_block) for rt_block
    rt_time.o(i.rt_itv_set) refers to rt_task.o(.data) for os_tsk
    rt_time.o(i.rt_itv_set) refers to rt_time.o(.data) for .data
    rt_time.o(i.rt_itv_wait) refers to rt_task.o(i.rt_block) for rt_block
    rt_time.o(i.rt_itv_wait) refers to rt_task.o(.data) for os_tsk
    rt_time.o(i.rt_itv_wait) refers to rt_time.o(.data) for .data
    rt_time.o(i.rt_time_get) refers to rt_time.o(.data) for .data
    rt_timer.o(i.rt_tmr_create) refers to rt_membox.o(i.rt_alloc_box) for rt_alloc_box
    rt_timer.o(i.rt_tmr_create) refers to rtx_conf_cm.o(.data) for m_tmr
    rt_timer.o(i.rt_tmr_create) refers to rt_timer.o(.data) for .data
    rt_timer.o(i.rt_tmr_kill) refers to rt_membox.o(i.rt_free_box) for rt_free_box
    rt_timer.o(i.rt_tmr_kill) refers to rt_timer.o(.data) for .data
    rt_timer.o(i.rt_tmr_kill) refers to rtx_conf_cm.o(.data) for m_tmr
    rt_timer.o(i.rt_tmr_tick) refers to rtx_conf_cm.o(.text) for os_tmr_call
    rt_timer.o(i.rt_tmr_tick) refers to rt_membox.o(i.rt_free_box) for rt_free_box
    rt_timer.o(i.rt_tmr_tick) refers to rt_timer.o(.data) for .data
    rt_timer.o(i.rt_tmr_tick) refers to rtx_conf_cm.o(.data) for m_tmr
    entry.o(.ARM.Collect$$$$00000000) refers (Special) to entry7b.o(.ARM.Collect$$$$00000008) for _main_clock
    entry.o(.ARM.Collect$$$$00000000) refers (Special) to entry8.o(.ARM.Collect$$$$00000009) for _main_init
    entry.o(.ARM.Collect$$$$00000000) refers (Special) to entry5.o(.ARM.Collect$$$$00000004) for _main_scatterload
    entry.o(.ARM.Collect$$$$00000000) refers (Special) to entry2.o(.ARM.Collect$$$$00000001) for _main_stk
    uldiv.o(.text) refers to llushr.o(.text) for __aeabi_llsr
    uldiv.o(.text) refers to llshl.o(.text) for __aeabi_llsl
    rand.o(.text) refers to rand.o(.data) for .data
    entry2.o(.ARM.Collect$$$$00000001) refers to entry2.o(.ARM.Collect$$$$00002712) for __lit__00000000
    entry2.o(.ARM.Collect$$$$00002712) refers to startup_lpc17xx.o(STACK) for __initial_sp
    entry2.o(__vectab_stack_and_reset_area) refers to startup_lpc17xx.o(STACK) for __initial_sp
    entry2.o(__vectab_stack_and_reset_area) refers to entry.o(.ARM.Collect$$$$00000000) for __main
    entry5.o(.ARM.Collect$$$$00000004) refers to init.o(.text) for __scatterload
    entry8.o(.ARM.Collect$$$$00000009) refers to snake_game.o(.text) for main
    init.o(.text) refers to entry5.o(.ARM.Collect$$$$00000004) for __main_after_scatterload


==============================================================================

Removing Unused input sections from the image.

    Removing startup_lpc17xx.o(HEAP), (0 bytes).
    Removing system_lpc17xx.o(.rev16_text), (4 bytes).
    Removing system_lpc17xx.o(.revsh_text), (4 bytes).
    Removing glcd_spi_lpc1700.o(.rev16_text), (4 bytes).
    Removing glcd_spi_lpc1700.o(.revsh_text), (4 bytes).
    Removing led.o(.rev16_text), (4 bytes).
    Removing led.o(.revsh_text), (4 bytes).
    Removing adc.o(.rev16_text), (4 bytes).
    Removing adc.o(.revsh_text), (4 bytes).
    Removing kbd.o(.rev16_text), (4 bytes).
    Removing kbd.o(.revsh_text), (4 bytes).
    Removing kbd.o(.data), (4 bytes).
    Removing serial.o(.rev16_text), (4 bytes).
    Removing serial.o(.revsh_text), (4 bytes).
    Removing snake_game.o(.rev16_text), (4 bytes).
    Removing snake_game.o(.revsh_text), (4 bytes).
    Removing snake_game.o(.bss), (12 bytes).
    Removing snake_game.o(.bss), (10 bytes).
    Removing rt_task.o(i.rt_block), (56 bytes).
    Removing rt_task.o(i.rt_tsk_pass), (48 bytes).
    Removing rt_task.o(i.rt_tsk_prio), (128 bytes).
    Removing rt_task.o(i.rt_tsk_self), (16 bytes).
    Removing rt_system.o(.emb_text), (0 bytes).
    Removing rt_system.o(i.rt_psh_req), (32 bytes).
    Removing rt_system.o(i.rt_resume), (176 bytes).
    Removing rt_system.o(i.rt_suspend), (44 bytes).
    Removing rt_system.o(i.rt_tsk_lock), (80 bytes).
    Removing rt_system.o(i.rt_tsk_unlock), (80 bytes).
    Removing rt_list.o(i.rt_get_same_rdy_prio), (36 bytes).
    Removing rt_list.o(i.rt_psq_enq), (88 bytes).
    Removing rt_list.o(i.rt_put_dly), (72 bytes).
    Removing rt_list.o(i.rt_resort_prio), (52 bytes).
    Removing rt_membox.o(i._calloc_box), (30 bytes).
    Removing rt_event.o(i.isr_evt_set), (40 bytes).
    Removing rt_event.o(i.rt_evt_clr), (28 bytes).
    Removing rt_event.o(i.rt_evt_get), (12 bytes).
    Removing rt_event.o(i.rt_evt_set), (96 bytes).
    Removing rt_event.o(i.rt_evt_wait), (64 bytes).
    Removing rt_mailbox.o(i.isr_mbx_receive), (84 bytes).
    Removing rt_mailbox.o(i.isr_mbx_send), (14 bytes).
    Removing rt_mailbox.o(i.rt_mbx_check), (8 bytes).
    Removing rt_mailbox.o(i.rt_mbx_init), (26 bytes).
    Removing rt_mailbox.o(i.rt_mbx_send), (160 bytes).
    Removing rt_mailbox.o(i.rt_mbx_wait), (184 bytes).
    Removing rt_semaphore.o(i.isr_sem_send), (16 bytes).
    Removing rt_semaphore.o(i.rt_sem_init), (12 bytes).
    Removing rt_semaphore.o(i.rt_sem_send), (56 bytes).
    Removing rt_semaphore.o(i.rt_sem_wait), (60 bytes).
    Removing rt_time.o(i.rt_dly_wait), (6 bytes).
    Removing rt_time.o(i.rt_itv_set), (24 bytes).
    Removing rt_time.o(i.rt_itv_wait), (44 bytes).
    Removing rt_time.o(i.rt_time_get), (12 bytes).
    Removing rt_timer.o(i.rt_tmr_create), (80 bytes).
    Removing rt_timer.o(i.rt_tmr_kill), (52 bytes).

54 unused section(s) (total 2098 bytes) removed from the image.

==============================================================================

Image Symbol Table

    Local Symbols

    Symbol Name                              Value     Ov Type        Size  Object(Section)

    RESET                                    0x00000000   Section      204  startup_lpc17xx.o(RESET)
    ../clib/../cmprslib/zerorunl2.c          0x00000000   Number         0  __dczerorl2.o ABSOLUTE
    ../clib/microlib/division.c              0x00000000   Number         0  uldiv.o ABSOLUTE
    ../clib/microlib/init/entry.s            0x00000000   Number         0  entry7b.o ABSOLUTE
    ../clib/microlib/init/entry.s            0x00000000   Number         0  entry2.o ABSOLUTE
    ../clib/microlib/init/entry.s            0x00000000   Number         0  entry5.o ABSOLUTE
    ../clib/microlib/init/entry.s            0x00000000   Number         0  entry7a.o ABSOLUTE
    ../clib/microlib/init/entry.s            0x00000000   Number         0  entry.o ABSOLUTE
    ../clib/microlib/init/entry.s            0x00000000   Number         0  entry8.o ABSOLUTE
    ../clib/microlib/longlong.c              0x00000000   Number         0  llushr.o ABSOLUTE
    ../clib/microlib/longlong.c              0x00000000   Number         0  llshl.o ABSOLUTE
    ../clib/microlib/stdlib/rand.c           0x00000000   Number         0  rand.o ABSOLUTE
    ADC.c                                    0x00000000   Number         0  adc.o ABSOLUTE
    ADC.c                                    0x00000000   Number         0  adc.o ABSOLUTE
    GLCD_SPI_LPC1700.c                       0x00000000   Number         0  glcd_spi_lpc1700.o ABSOLUTE
    GLCD_SPI_LPC1700.c                       0x00000000   Number         0  glcd_spi_lpc1700.o ABSOLUTE
    KBD.c                                    0x00000000   Number         0  kbd.o ABSOLUTE
    KBD.c                                    0x00000000   Number         0  kbd.o ABSOLUTE
    LED.c                                    0x00000000   Number         0  led.o ABSOLUTE
    LED.c                                    0x00000000   Number         0  led.o ABSOLUTE
    RTX_Conf_CM.c                            0x00000000   Number         0  rtx_conf_cm.o ABSOLUTE
    SRC\CM\HAL_CM3.c                         0x00000000   Number         0  hal_cm3.o ABSOLUTE
    SRC\CM\SVC_Table.s                       0x00000000   Number         0  SVC_Table.o ABSOLUTE
    SRC\CM\rt_Event.c                        0x00000000   Number         0  rt_event.o ABSOLUTE
    SRC\CM\rt_List.c                         0x00000000   Number         0  rt_list.o ABSOLUTE
    SRC\CM\rt_Mailbox.c                      0x00000000   Number         0  rt_mailbox.o ABSOLUTE
    SRC\CM\rt_MemBox.c                       0x00000000   Number         0  rt_membox.o ABSOLUTE
    SRC\CM\rt_Robin.c                        0x00000000   Number         0  rt_robin.o ABSOLUTE
    SRC\CM\rt_Semaphore.c                    0x00000000   Number         0  rt_semaphore.o ABSOLUTE
    SRC\CM\rt_System.c                       0x00000000   Number         0  rt_system.o ABSOLUTE
    SRC\CM\rt_Task.c                         0x00000000   Number         0  rt_task.o ABSOLUTE
    SRC\CM\rt_Time.c                         0x00000000   Number         0  rt_time.o ABSOLUTE
    SRC\CM\rt_Timer.c                        0x00000000   Number         0  rt_timer.o ABSOLUTE
    SRC\\CM\\HAL_CM3.c                       0x00000000   Number         0  hal_cm3.o ABSOLUTE
    SRC\\CM\\rt_System.c                     0x00000000   Number         0  rt_system.o ABSOLUTE
    Serial.c                                 0x00000000   Number         0  serial.o ABSOLUTE
    Serial.c                                 0x00000000   Number         0  serial.o ABSOLUTE
    dc.s                                     0x00000000   Number         0  dc.o ABSOLUTE
    handlers.s                               0x00000000   Number         0  handlers.o ABSOLUTE
    init.s                                   0x00000000   Number         0  init.o ABSOLUTE
    snake_game.c                             0x00000000   Number         0  snake_game.o ABSOLUTE
    snake_game.c                             0x00000000   Number         0  snake_game.o ABSOLUTE
    startup_LPC17xx.s                        0x00000000   Number         0  startup_lpc17xx.o ABSOLUTE
    system_LPC17xx.c                         0x00000000   Number         0  system_lpc17xx.o ABSOLUTE
    system_LPC17xx.c                         0x00000000   Number         0  system_lpc17xx.o ABSOLUTE
    .ARM.Collect$$$$00000000                 0x000000cc   Section        0  entry.o(.ARM.Collect$$$$00000000)
    .ARM.Collect$$$$00000001                 0x000000cc   Section        4  entry2.o(.ARM.Collect$$$$00000001)
    .ARM.Collect$$$$00000004                 0x000000d0   Section        4  entry5.o(.ARM.Collect$$$$00000004)
    .ARM.Collect$$$$00000008                 0x000000d4   Section        0  entry7b.o(.ARM.Collect$$$$00000008)
    .ARM.Collect$$$$00000009                 0x000000d4   Section        8  entry8.o(.ARM.Collect$$$$00000009)
    .ARM.Collect$$$$00002712                 0x000000dc   Section        4  entry2.o(.ARM.Collect$$$$00002712)
    __lit__00000000                          0x000000dc   Data           4  entry2.o(.ARM.Collect$$$$00002712)
    .emb_text                                0x000000e0   Section      340  hal_cm3.o(.emb_text)
    .text                                    0x00000234   Section       36  startup_lpc17xx.o(.text)
    .text                                    0x00000258   Section        0  rtx_conf_cm.o(.text)
    .text                                    0x00000260   Section        0  led.o(.text)
    SVC_TABLE                                0x000002e8   Section        4  SVC_Table.o(SVC_TABLE)
    i.__scatterload_copy                     0x000002ec   Section       14  handlers.o(i.__scatterload_copy)
    i.__scatterload_null                     0x000002fa   Section        2  handlers.o(i.__scatterload_null)
    .ARM.__at_0x02FC                         0x000002fc   Section        4  startup_lpc17xx.o(.ARM.__at_0x02FC)
    .text                                    0x00000300   Section        0  system_lpc17xx.o(.text)
    .text                                    0x000004a4   Section        0  glcd_spi_lpc1700.o(.text)
    spi_tran_man                             0x000004a5   Thumb Code   106  glcd_spi_lpc1700.o(.text)
    delay                                    0x00000df7   Thumb Code     8  glcd_spi_lpc1700.o(.text)
    spi_tran                                 0x00000dff   Thumb Code    16  glcd_spi_lpc1700.o(.text)
    wr_cmd                                   0x00000e0f   Thumb Code    32  glcd_spi_lpc1700.o(.text)
    wr_dat                                   0x00000e2f   Thumb Code    32  glcd_spi_lpc1700.o(.text)
    wr_dat_start                             0x00000e4f   Thumb Code    10  glcd_spi_lpc1700.o(.text)
    wr_dat_only                              0x00000e59   Thumb Code    18  glcd_spi_lpc1700.o(.text)
    wr_reg                                   0x00000e6b   Thumb Code    16  glcd_spi_lpc1700.o(.text)
    rd_id_man                                0x00000e7b   Thumb Code   130  glcd_spi_lpc1700.o(.text)
    .text                                    0x00000efc   Section        0  adc.o(.text)
    .text                                    0x00000f7c   Section        0  kbd.o(.text)
    .text                                    0x00000fd4   Section        0  serial.o(.text)
    .text                                    0x00001030   Section        0  snake_game.o(.text)
    .text                                    0x000016f4   Section        0  uldiv.o(.text)
    .text                                    0x00001758   Section        0  rand.o(.text)
    .text                                    0x0000177c   Section        0  llshl.o(.text)
    .text                                    0x0000179a   Section        0  llushr.o(.text)
    .text                                    0x000017bc   Section       36  init.o(.text)
    .text                                    0x000017e0   Section        0  __dczerorl2.o(.text)
    i.__scatterload_zeroinit                 0x0000183c   Section       14  handlers.o(i.__scatterload_zeroinit)
    i._init_box                              0x0000184a   Section        0  rt_membox.o(i._init_box)
    i.dbg_init                               0x00001890   Section        0  hal_cm3.o(i.dbg_init)
    i.dbg_task_notify                        0x000018c0   Section        0  hal_cm3.o(i.dbg_task_notify)
    i.dbg_task_switch                        0x000018e0   Section        0  hal_cm3.o(i.dbg_task_switch)
    i.os_tick_init                           0x000018f0   Section        0  rt_system.o(i.os_tick_init)
    i.os_tick_irqack                         0x00001918   Section        0  rt_system.o(i.os_tick_irqack)
    i.rt_alloc_box                           0x0000191a   Section        0  rt_membox.o(i.rt_alloc_box)
    i.rt_chk_robin                           0x00001934   Section        0  rt_robin.o(i.rt_chk_robin)
    i.rt_dec_dly                             0x0000197c   Section        0  rt_list.o(i.rt_dec_dly)
    i.rt_dispatch                            0x000019f0   Section        0  rt_task.o(i.rt_dispatch)
    i.rt_evt_psh                             0x00001a34   Section        0  rt_event.o(i.rt_evt_psh)
    i.rt_free_box                            0x00001a80   Section        0  rt_membox.o(i.rt_free_box)
    i.rt_get_first                           0x00001aa0   Section        0  rt_list.o(i.rt_get_first)
    i.rt_init_context                        0x00001ac8   Section        0  rt_task.o(i.rt_init_context)
    rt_init_context                          0x00001ac9   Thumb Code    64  rt_task.o(i.rt_init_context)
    i.rt_init_robin                          0x00001b0c   Section        0  rt_robin.o(i.rt_init_robin)
    i.rt_init_stack                          0x00001b24   Section        0  hal_cm3.o(i.rt_init_stack)
    i.rt_mbx_psh                             0x00001b74   Section        0  rt_mailbox.o(i.rt_mbx_psh)
    i.rt_pop_req                             0x00001c34   Section        0  rt_system.o(i.rt_pop_req)
    i.rt_put_prio                            0x00001cac   Section        0  rt_list.o(i.rt_put_prio)
    i.rt_put_rdy_first                       0x00001ce4   Section        0  rt_list.o(i.rt_put_rdy_first)
    i.rt_rmv_dly                             0x00001cf8   Section        0  rt_list.o(i.rt_rmv_dly)
    i.rt_rmv_list                            0x00001d20   Section        0  rt_list.o(i.rt_rmv_list)
    i.rt_sem_psh                             0x00001d50   Section        0  rt_semaphore.o(i.rt_sem_psh)
    i.rt_stk_check                           0x00001d84   Section        0  rt_system.o(i.rt_stk_check)
    i.rt_switch_req                          0x00001da8   Section        0  rt_task.o(i.rt_switch_req)
    i.rt_sys_init                            0x00001dd0   Section        0  rt_task.o(i.rt_sys_init)
    i.rt_systick                             0x00001f28   Section        0  rt_system.o(i.rt_systick)
    i.rt_tmr_tick                            0x00001f64   Section        0  rt_timer.o(i.rt_tmr_tick)
    i.rt_tsk_create                          0x00001fa4   Section        0  rt_task.o(i.rt_tsk_create)
    i.rt_tsk_delete                          0x00002038   Section        0  rt_task.o(i.rt_tsk_delete)
    .constdata                               0x000020f4   Section        2  rtx_conf_cm.o(.constdata)
    .constdata                               0x000020f8   Section        4  rtx_conf_cm.o(.constdata)
    .constdata                               0x000020fc   Section        4  rtx_conf_cm.o(.constdata)
    .constdata                               0x00002100   Section        4  rtx_conf_cm.o(.constdata)
    .constdata                               0x00002104   Section        1  rtx_conf_cm.o(.constdata)
    .constdata                               0x00002108   Section        8  rtx_conf_cm.o(.constdata)
    __tagsym$$used                           0x00002108   Number         0  rtx_conf_cm.o(.constdata)
    __tagsym$$used                           0x0000210c   Number         0  rtx_conf_cm.o(.constdata)
    .constdata                               0x00002110   Section        2  rtx_conf_cm.o(.constdata)
    .constdata                               0x00002114   Section        4  rtx_conf_cm.o(.constdata)
    .constdata                               0x00002118   Section        1  rtx_conf_cm.o(.constdata)
    .constdata                               0x0000211a   Section        2  rtx_conf_cm.o(.constdata)
    .constdata                               0x0000211c   Section     6272  glcd_spi_lpc1700.o(.constdata)
    .constdata                               0x0000399c   Section       32  led.o(.constdata)
    .data                                    0x10000000   Section        4  system_lpc17xx.o(.data)
    .data                                    0x10000004   Section        4  rtx_conf_cm.o(.data)
    .data                                    0x10000008   Section        6  glcd_spi_lpc1700.o(.data)
    Himax                                    0x10000008   Data           1  glcd_spi_lpc1700.o(.data)
    Color                                    0x1000000a   Data           4  glcd_spi_lpc1700.o(.data)
    .data                                    0x1000000e   Section        4  adc.o(.data)
    .data                                    0x10000014   Section     2404  snake_game.o(.data)
    .data                                    0x10000978   Section        8  rt_task.o(.data)
    .data                                    0x10000980   Section        1  hal_cm3.o(.data)
    .data                                    0x10000984   Section        8  rt_system.o(.data)
    os_lock                                  0x10000984   Data           1  rt_system.o(.data)
    os_psh_flag                              0x10000985   Data           1  rt_system.o(.data)
    pend_flags                               0x10000986   Data           1  rt_system.o(.data)
    .data                                    0x1000098c   Section        8  rt_robin.o(.data)
    .data                                    0x10000994   Section        4  rt_time.o(.data)
    .data                                    0x10000998   Section        8  rt_timer.o(.data)
    .data                                    0x100009a0   Section        4  rand.o(.data)
    _rand_state                              0x100009a0   Data           4  rand.o(.data)
    .bss                                     0x100009a4   Section      348  rtx_conf_cm.o(.bss)
    .bss                                     0x10000b00   Section     1616  rtx_conf_cm.o(.bss)
    .bss                                     0x10001150   Section      132  rtx_conf_cm.o(.bss)
    .bss                                     0x100011d4   Section       28  rtx_conf_cm.o(.bss)
    .bss                                     0x100011f0   Section      824  snake_game.o(.bss)
    .bss                                     0x10001528   Section       48  rt_task.o(.bss)
    .bss                                     0x10001558   Section       48  rt_list.o(.bss)
    STACK                                    0x10001588   Section      512  startup_lpc17xx.o(STACK)

    Global Symbols

    Symbol Name                              Value     Ov Type        Size  Object(Section)

    BuildAttributes$$THM_ISAv4$P$D$K$B$S$PE$A:L22UL41UL21$X:L11$S22US41US21$IEEE1$IW$USESV6$~STKCKD$USESV7$~SHL$OSPACE$EBA8$MICROLIB$REQ8$PRES8$EABIv2 0x00000000   Number         0  anon$$obj.o ABSOLUTE
    __ARM_use_no_argv                        0x00000000   Number         0  snake_game.o ABSOLUTE
    __Vectors                                0x00000000   Data           4  startup_lpc17xx.o(RESET)
    _clock_init                               - Undefined Weak Reference
    __main                                   0x000000cd   Thumb Code     0  entry.o(.ARM.Collect$$$$00000000)
    _main_stk                                0x000000cd   Thumb Code     0  entry2.o(.ARM.Collect$$$$00000001)
    _main_scatterload                        0x000000d1   Thumb Code     0  entry5.o(.ARM.Collect$$$$00000004)
    __main_after_scatterload                 0x000000d5   Thumb Code     0  entry5.o(.ARM.Collect$$$$00000004)
    _main_clock                              0x000000d5   Thumb Code     0  entry7b.o(.ARM.Collect$$$$00000008)
    _main_init                               0x000000d5   Thumb Code     0  entry8.o(.ARM.Collect$$$$00000009)
    rt_set_PSP                               0x000000e1   Thumb Code     6  hal_cm3.o(.emb_text)
    rt_get_PSP                               0x000000e7   Thumb Code     6  hal_cm3.o(.emb_text)
    os_set_env                               0x000000ed   Thumb Code    24  hal_cm3.o(.emb_text)
    _alloc_box                               0x00000109   Thumb Code    28  hal_cm3.o(.emb_text)
    _free_box                                0x00000129   Thumb Code    28  hal_cm3.o(.emb_text)
    SVC_Handler                              0x00000149   Thumb Code   124  hal_cm3.o(.emb_text)
    PendSV_Handler                           0x000001d1   Thumb Code    76  hal_cm3.o(.emb_text)
    SysTick_Handler                          0x00000221   Thumb Code     8  hal_cm3.o(.emb_text)
    OS_Tick_Handler                          0x00000229   Thumb Code    12  hal_cm3.o(.emb_text)
    Reset_Handler                            0x00000235   Thumb Code     8  startup_lpc17xx.o(.text)
    NMI_Handler                              0x0000023d   Thumb Code     2  startup_lpc17xx.o(.text)
    HardFault_Handler                        0x0000023f   Thumb Code     2  startup_lpc17xx.o(.text)
    MemManage_Handler                        0x00000241   Thumb Code     2  startup_lpc17xx.o(.text)
    BusFault_Handler                         0x00000243   Thumb Code     2  startup_lpc17xx.o(.text)
    UsageFault_Handler                       0x00000245   Thumb Code     2  startup_lpc17xx.o(.text)
    DebugMon_Handler                         0x00000249   Thumb Code     2  startup_lpc17xx.o(.text)
    ADC_IRQHandler                           0x0000024f   Thumb Code     0  startup_lpc17xx.o(.text)
    BOD_IRQHandler                           0x0000024f   Thumb Code     0  startup_lpc17xx.o(.text)
    CANActivity_IRQHandler                   0x0000024f   Thumb Code     0  startup_lpc17xx.o(.text)
    CAN_IRQHandler                           0x0000024f   Thumb Code     0  startup_lpc17xx.o(.text)
    DMA_IRQHandler                           0x0000024f   Thumb Code     0  startup_lpc17xx.o(.text)
    EINT0_IRQHandler                         0x0000024f   Thumb Code     0  startup_lpc17xx.o(.text)
    EINT1_IRQHandler                         0x0000024f   Thumb Code     0  startup_lpc17xx.o(.text)
    EINT2_IRQHandler                         0x0000024f   Thumb Code     0  startup_lpc17xx.o(.text)
    EINT3_IRQHandler                         0x0000024f   Thumb Code     0  startup_lpc17xx.o(.text)
    ENET_IRQHandler                          0x0000024f   Thumb Code     0  startup_lpc17xx.o(.text)
    I2C0_IRQHandler                          0x0000024f   Thumb Code     0  startup_lpc17xx.o(.text)
    I2C1_IRQHandler                          0x0000024f   Thumb Code     0  startup_lpc17xx.o(.text)
    I2C2_IRQHandler                          0x0000024f   Thumb Code     0  startup_lpc17xx.o(.text)
    I2S_IRQHandler                           0x0000024f   Thumb Code     0  startup_lpc17xx.o(.text)
    MCPWM_IRQHandler                         0x0000024f   Thumb Code     0  startup_lpc17xx.o(.text)
    PLL0_IRQHandler                          0x0000024f   Thumb Code     0  startup_lpc17xx.o(.text)
    PLL1_IRQHandler                          0x0000024f   Thumb Code     0  startup_lpc17xx.o(.text)
    PWM1_IRQHandler                          0x0000024f   Thumb Code     0  startup_lpc17xx.o(.text)
    QEI_IRQHandler                           0x0000024f   Thumb Code     0  startup_lpc17xx.o(.text)
    RIT_IRQHandler                           0x0000024f   Thumb Code     0  startup_lpc17xx.o(.text)
    RTC_IRQHandler                           0x0000024f   Thumb Code     0  startup_lpc17xx.o(.text)
    SPI_IRQHandler                           0x0000024f   Thumb Code     0  startup_lpc17xx.o(.text)
    SSP0_IRQHandler                          0x0000024f   Thumb Code     0  startup_lpc17xx.o(.text)
    SSP1_IRQHandler                          0x0000024f   Thumb Code     0  startup_lpc17xx.o(.text)
    TIMER0_IRQHandler                        0x0000024f   Thumb Code     0  startup_lpc17xx.o(.text)
    TIMER1_IRQHandler                        0x0000024f   Thumb Code     0  startup_lpc17xx.o(.text)
    TIMER2_IRQHandler                        0x0000024f   Thumb Code     0  startup_lpc17xx.o(.text)
    TIMER3_IRQHandler                        0x0000024f   Thumb Code     0  startup_lpc17xx.o(.text)
    UART0_IRQHandler                         0x0000024f   Thumb Code     0  startup_lpc17xx.o(.text)
    UART1_IRQHandler                         0x0000024f   Thumb Code     0  startup_lpc17xx.o(.text)
    UART2_IRQHandler                         0x0000024f   Thumb Code     0  startup_lpc17xx.o(.text)
    UART3_IRQHandler                         0x0000024f   Thumb Code     0  startup_lpc17xx.o(.text)
    USBActivity_IRQHandler                   0x0000024f   Thumb Code     0  startup_lpc17xx.o(.text)
    USB_IRQHandler                           0x0000024f   Thumb Code     0  startup_lpc17xx.o(.text)
    WDT_IRQHandler                           0x0000024f   Thumb Code     0  startup_lpc17xx.o(.text)
    os_idle_demon                            0x00000259   Thumb Code     2  rtx_conf_cm.o(.text)
    os_tmr_call                              0x0000025b   Thumb Code     2  rtx_conf_cm.o(.text)
    os_error                                 0x0000025d   Thumb Code     2  rtx_conf_cm.o(.text)
    LED_Init                                 0x00000261   Thumb Code    30  led.o(.text)
    LED_On                                   0x0000027f   Thumb Code    28  led.o(.text)
    LED_Off                                  0x0000029b   Thumb Code    28  led.o(.text)
    LED_Out                                  0x000002b7   Thumb Code    38  led.o(.text)
    SVC_Count                                0x000002e8   Data           4  SVC_Table.o(SVC_TABLE)
    SVC_Table                                0x000002ec   Data           0  SVC_Table.o(SVC_TABLE)
    __scatterload_copy                       0x000002ed   Thumb Code    14  handlers.o(i.__scatterload_copy)
    __scatterload_null                       0x000002fb   Thumb Code     2  handlers.o(i.__scatterload_null)
    SystemCoreClockUpdate                    0x00000301   Thumb Code   194  system_lpc17xx.o(.text)
    SystemInit                               0x000003c3   Thumb Code   194  system_lpc17xx.o(.text)
    __RL_RTX_VER                             0x00000460   Number         0  rt_system.o ABSOLUTE
    GLCD_Init                                0x0000050f   Thumb Code  1472  glcd_spi_lpc1700.o(.text)
    GLCD_SetWindow                           0x00000acf   Thumb Code   148  glcd_spi_lpc1700.o(.text)
    GLCD_WindowMax                           0x00000b63   Thumb Code    12  glcd_spi_lpc1700.o(.text)
    GLCD_PutPixel                            0x00000b6f   Thumb Code   118  glcd_spi_lpc1700.o(.text)
    GLCD_SetTextColor                        0x00000be5   Thumb Code     8  glcd_spi_lpc1700.o(.text)
    GLCD_SetBackColor                        0x00000bed   Thumb Code     8  glcd_spi_lpc1700.o(.text)
    GLCD_Clear                               0x00000bf5   Thumb Code    44  glcd_spi_lpc1700.o(.text)
    GLCD_DrawChar                            0x00000c21   Thumb Code   138  glcd_spi_lpc1700.o(.text)
    GLCD_DisplayChar                         0x00000cab   Thumb Code    66  glcd_spi_lpc1700.o(.text)
    GLCD_DisplayString                       0x00000ced   Thumb Code    36  glcd_spi_lpc1700.o(.text)
    GLCD_ClearLn                             0x00000d11   Thumb Code    72  glcd_spi_lpc1700.o(.text)
    GLCD_Bargraph                            0x00000d59   Thumb Code    84  glcd_spi_lpc1700.o(.text)
    GLCD_Bitmap                              0x00000dad   Thumb Code    64  glcd_spi_lpc1700.o(.text)
    GLCD_ScrollVertical                      0x00000ded   Thumb Code     2  glcd_spi_lpc1700.o(.text)
    GLCD_WrCmd                               0x00000def   Thumb Code     4  glcd_spi_lpc1700.o(.text)
    GLCD_WrReg                               0x00000df3   Thumb Code     4  glcd_spi_lpc1700.o(.text)
    ADC_Init                                 0x00000efd   Thumb Code    52  adc.o(.text)
    ADC_StartCnv                             0x00000f31   Thumb Code    20  adc.o(.text)
    ADC_StopCnv                              0x00000f45   Thumb Code    12  adc.o(.text)
    ADC_GetCnv                               0x00000f51   Thumb Code    24  adc.o(.text)
    KBD_Init                                 0x00000f7d   Thumb Code    40  kbd.o(.text)
    KBD_get                                  0x00000fa5   Thumb Code    12  kbd.o(.text)
    get_button                               0x00000fb1   Thumb Code    14  kbd.o(.text)
    INT0_Get                                 0x00000fbf   Thumb Code    10  kbd.o(.text)
    SER_Init                                 0x00000fd5   Thumb Code    54  serial.o(.text)
    SER_PutChar                              0x0000100b   Thumb Code    12  serial.o(.text)
    SER_GetChar                              0x00001017   Thumb Code    12  serial.o(.text)
    delayTime                                0x00001031   Thumb Code    16  snake_game.o(.text)
    getXdirection                            0x00001041   Thumb Code    30  snake_game.o(.text)
    getYdirection                            0x0000105f   Thumb Code    30  snake_game.o(.text)
    moveSnake                                0x0000107d   Thumb Code   108  snake_game.o(.text)
    getRand                                  0x000010e9   Thumb Code    24  snake_game.o(.text)
    foodConsume                              0x00001101   Thumb Code   236  snake_game.o(.text)
    turnSnake                                0x000011ed   Thumb Code   382  snake_game.o(.text)
    gameOver                                 0x0000136b   Thumb Code   384  snake_game.o(.text)
    init                                     0x000014eb   Thumb Code   242  snake_game.o(.text)
    main                                     0x000015dd   Thumb Code   252  snake_game.o(.text)
    __aeabi_uldivmod                         0x000016f5   Thumb Code    98  uldiv.o(.text)
    rand                                     0x00001759   Thumb Code    20  rand.o(.text)
    srand                                    0x0000176d   Thumb Code     6  rand.o(.text)
    __aeabi_llsl                             0x0000177d   Thumb Code    30  llshl.o(.text)
    _ll_shift_l                              0x0000177d   Thumb Code     0  llshl.o(.text)
    __aeabi_llsr                             0x0000179b   Thumb Code    32  llushr.o(.text)
    _ll_ushift_r                             0x0000179b   Thumb Code     0  llushr.o(.text)
    __scatterload                            0x000017bd   Thumb Code    28  init.o(.text)
    __scatterload_rt2                        0x000017bd   Thumb Code     0  init.o(.text)
    __decompress                             0x000017e1   Thumb Code     0  __dczerorl2.o(.text)
    __decompress1                            0x000017e1   Thumb Code    92  __dczerorl2.o(.text)
    __scatterload_zeroinit                   0x0000183d   Thumb Code    14  handlers.o(i.__scatterload_zeroinit)
    _init_box                                0x0000184b   Thumb Code    70  rt_membox.o(i._init_box)
    dbg_init                                 0x00001891   Thumb Code    34  hal_cm3.o(i.dbg_init)
    dbg_task_notify                          0x000018c1   Thumb Code    32  hal_cm3.o(i.dbg_task_notify)
    dbg_task_switch                          0x000018e1   Thumb Code    16  hal_cm3.o(i.dbg_task_switch)
    os_tick_init                             0x000018f1   Thumb Code    32  rt_system.o(i.os_tick_init)
    os_tick_irqack                           0x00001919   Thumb Code     2  rt_system.o(i.os_tick_irqack)
    rt_alloc_box                             0x0000191b   Thumb Code    26  rt_membox.o(i.rt_alloc_box)
    rt_chk_robin                             0x00001935   Thumb Code    60  rt_robin.o(i.rt_chk_robin)
    rt_dec_dly                               0x0000197d   Thumb Code   106  rt_list.o(i.rt_dec_dly)
    rt_dispatch                              0x000019f1   Thumb Code    60  rt_task.o(i.rt_dispatch)
    rt_evt_psh                               0x00001a35   Thumb Code    72  rt_event.o(i.rt_evt_psh)
    rt_free_box                              0x00001a81   Thumb Code    32  rt_membox.o(i.rt_free_box)
    rt_get_first                             0x00001aa1   Thumb Code    40  rt_list.o(i.rt_get_first)
    rt_init_robin                            0x00001b0d   Thumb Code    14  rt_robin.o(i.rt_init_robin)
    rt_init_stack                            0x00001b25   Thumb Code    70  hal_cm3.o(i.rt_init_stack)
    rt_mbx_psh                               0x00001b75   Thumb Code   188  rt_mailbox.o(i.rt_mbx_psh)
    rt_pop_req                               0x00001c35   Thumb Code   106  rt_system.o(i.rt_pop_req)
    rt_put_prio                              0x00001cad   Thumb Code    54  rt_list.o(i.rt_put_prio)
    rt_put_rdy_first                         0x00001ce5   Thumb Code    14  rt_list.o(i.rt_put_rdy_first)
    rt_rmv_dly                               0x00001cf9   Thumb Code    40  rt_list.o(i.rt_rmv_dly)
    rt_rmv_list                              0x00001d21   Thumb Code    44  rt_list.o(i.rt_rmv_list)
    rt_sem_psh                               0x00001d51   Thumb Code    46  rt_semaphore.o(i.rt_sem_psh)
    rt_stk_check                             0x00001d85   Thumb Code    28  rt_system.o(i.rt_stk_check)
    rt_switch_req                            0x00001da9   Thumb Code    30  rt_task.o(i.rt_switch_req)
    rt_sys_init                              0x00001dd1   Thumb Code   266  rt_task.o(i.rt_sys_init)
    rt_systick                               0x00001f29   Thumb Code    48  rt_system.o(i.rt_systick)
    rt_tmr_tick                              0x00001f65   Thumb Code    56  rt_timer.o(i.rt_tmr_tick)
    rt_tsk_create                            0x00001fa5   Thumb Code   126  rt_task.o(i.rt_tsk_create)
    rt_tsk_delete                            0x00002039   Thumb Code   162  rt_task.o(i.rt_tsk_delete)
    os_maxtaskrun                            0x000020f4   Data           2  rtx_conf_cm.o(.constdata)
    os_stackinfo                             0x000020f8   Data           4  rtx_conf_cm.o(.constdata)
    os_rrobin                                0x000020fc   Data           4  rtx_conf_cm.o(.constdata)
    os_trv                                   0x00002100   Data           4  rtx_conf_cm.o(.constdata)
    os_flags                                 0x00002104   Data           1  rtx_conf_cm.o(.constdata)
    os_clockrate                             0x00002108   Data           4  rtx_conf_cm.o(.constdata)
    os_timernum                              0x0000210c   Data           4  rtx_conf_cm.o(.constdata)
    mp_tcb_size                              0x00002110   Data           2  rtx_conf_cm.o(.constdata)
    mp_stk_size                              0x00002114   Data           4  rtx_conf_cm.o(.constdata)
    os_fifo_size                             0x00002118   Data           1  rtx_conf_cm.o(.constdata)
    mp_tmr_size                              0x0000211a   Data           2  rtx_conf_cm.o(.constdata)
    Font_6x8_h                               0x0000211c   Data         896  glcd_spi_lpc1700.o(.constdata)
    Font_16x24_h                             0x0000249c   Data        5376  glcd_spi_lpc1700.o(.constdata)
    led_mask                                 0x0000399c   Data          32  led.o(.constdata)
    Region$$Table$$Base                      0x000039bc   Number         0  anon$$obj.o(Region$$Table)
    Region$$Table$$Limit                     0x000039dc   Number         0  anon$$obj.o(Region$$Table)
    SystemCoreClock                          0x10000000   Data           4  system_lpc17xx.o(.data)
    m_tmr                                    0x10000004   Data           4  rtx_conf_cm.o(.data)
    AD_done                                  0x1000000e   Data           1  adc.o(.data)
    AD_last                                  0x10000010   Data           2  adc.o(.data)
    MAXWIDTH                                 0x10000014   Data           4  snake_game.o(.data)
    MAXLENGTH                                0x10000018   Data           4  snake_game.o(.data)
    initialX                                 0x1000001c   Data           4  snake_game.o(.data)
    initialY                                 0x10000020   Data           4  snake_game.o(.data)
    body_size                                0x10000024   Data           4  snake_game.o(.data)
    GAME_OVER                                0x10000028   Data           4  snake_game.o(.data)
    SPEED                                    0x1000002c   Data           4  snake_game.o(.data)
    food                                     0x10000030   Data           8  snake_game.o(.data)
    food_poison                              0x10000038   Data           8  snake_game.o(.data)
    snake_bitmap                             0x10000040   Data         800  snake_game.o(.data)
    poison_bitmap                            0x10000360   Data         800  snake_game.o(.data)
    food_bitmap                              0x10000680   Data         760  snake_game.o(.data)
    os_tsk                                   0x10000978   Data           8  rt_task.o(.data)
    dbg_msg                                  0x10000980   Data           1  hal_cm3.o(.data)
    os_tick_irqn                             0x10000988   Data           4  rt_system.o(.data)
    os_robin                                 0x1000098c   Data           8  rt_robin.o(.data)
    os_time                                  0x10000994   Data           4  rt_time.o(.data)
    os_tmr                                   0x10000998   Data           8  rt_timer.o(.data)
    mp_tcb                                   0x100009a4   Data         348  rtx_conf_cm.o(.bss)
    mp_stk                                   0x10000b00   Data        1616  rtx_conf_cm.o(.bss)
    os_fifo                                  0x10001150   Data         132  rtx_conf_cm.o(.bss)
    os_active_TCB                            0x100011d4   Data          28  rtx_conf_cm.o(.bss)
    snake                                    0x100011f0   Data         824  snake_game.o(.bss)
    os_idle_TCB                              0x10001528   Data          48  rt_task.o(.bss)
    os_rdy                                   0x10001558   Data          24  rt_list.o(.bss)
    os_dly                                   0x10001570   Data          24  rt_list.o(.bss)
    __initial_sp                             0x10001788   Data           0  startup_lpc17xx.o(STACK)



==============================================================================

Memory Map of the image

  Image Entry point : 0x000000cd

  Load Region LR_IROM1 (Base: 0x00000000, Size: 0x00004380, Max: 0x00080000, ABSOLUTE, COMPRESSED[0x00003a1c])

    Execution Region ER_IROM1 (Base: 0x00000000, Size: 0x000039dc, Max: 0x00080000, ABSOLUTE)

    Base Addr    Size         Type   Attr      Idx    E Section Name        Object

    0x00000000   0x000000cc   Data   RO            3    RESET               startup_lpc17xx.o
    0x000000cc   0x00000000   Code   RO          840  * .ARM.Collect$$$$00000000  mc_w.l(entry.o)
    0x000000cc   0x00000004   Code   RO          848    .ARM.Collect$$$$00000001  mc_w.l(entry2.o)
    0x000000d0   0x00000004   Code   RO          851    .ARM.Collect$$$$00000004  mc_w.l(entry5.o)
    0x000000d4   0x00000000   Code   RO          853    .ARM.Collect$$$$00000008  mc_w.l(entry7b.o)
    0x000000d4   0x00000008   Code   RO          854    .ARM.Collect$$$$00000009  mc_w.l(entry8.o)
    0x000000dc   0x00000004   Code   RO          849    .ARM.Collect$$$$00002712  mc_w.l(entry2.o)
    0x000000e0   0x00000154   Code   RO          388    .emb_text           RTX_CM3.LIB(hal_cm3.o)
    0x00000234   0x00000024   Code   RO            5    .text               startup_lpc17xx.o
    0x00000258   0x00000006   Code   RO           56    .text               rtx_conf_cm.o
    0x0000025e   0x00000002   PAD
    0x00000260   0x00000088   Code   RO          138    .text               led.o
    0x000002e8   0x00000004   Code   RO          651    SVC_TABLE           RTX_CM3.LIB(SVC_Table.o)
    0x000002ec   0x0000000e   Code   RO          863    i.__scatterload_copy  mc_w.l(handlers.o)
    0x000002fa   0x00000002   Code   RO          864    i.__scatterload_null  mc_w.l(handlers.o)
    0x000002fc   0x00000004   Code   RO            4    .ARM.__at_0x02FC    startup_lpc17xx.o
    0x00000300   0x000001a4   Code   RO           15    .text               system_lpc17xx.o
    0x000004a4   0x00000a58   Code   RO           93    .text               glcd_spi_lpc1700.o
    0x00000efc   0x00000080   Code   RO          172    .text               adc.o
    0x00000f7c   0x00000058   Code   RO          198    .text               kbd.o
    0x00000fd4   0x0000005c   Code   RO          225    .text               serial.o
    0x00001030   0x000006c4   Code   RO          248    .text               snake_game.o
    0x000016f4   0x00000062   Code   RO          843    .text               mc_w.l(uldiv.o)
    0x00001756   0x00000002   PAD
    0x00001758   0x00000024   Code   RO          845    .text               mc_w.l(rand.o)
    0x0000177c   0x0000001e   Code   RO          855    .text               mc_w.l(llshl.o)
    0x0000179a   0x00000020   Code   RO          857    .text               mc_w.l(llushr.o)
    0x000017ba   0x00000002   PAD
    0x000017bc   0x00000024   Code   RO          859    .text               mc_w.l(init.o)
    0x000017e0   0x0000005c   Code   RO          869    .text               mc_w.l(__dczerorl2.o)
    0x0000183c   0x0000000e   Code   RO          865    i.__scatterload_zeroinit  mc_w.l(handlers.o)
    0x0000184a   0x00000046   Code   RO          618    i._init_box         RTX_CM3.LIB(rt_membox.o)
    0x00001890   0x00000030   Code   RO          389    i.dbg_init          RTX_CM3.LIB(hal_cm3.o)
    0x000018c0   0x00000020   Code   RO          390    i.dbg_task_notify   RTX_CM3.LIB(hal_cm3.o)
    0x000018e0   0x00000010   Code   RO          391    i.dbg_task_switch   RTX_CM3.LIB(hal_cm3.o)
    0x000018f0   0x00000028   Code   RO          434    i.os_tick_init      RTX_CM3.LIB(rt_system.o)
    0x00001918   0x00000002   Code   RO          435    i.os_tick_irqack    RTX_CM3.LIB(rt_system.o)
    0x0000191a   0x0000001a   Code   RO          619    i.rt_alloc_box      RTX_CM3.LIB(rt_membox.o)
    0x00001934   0x00000048   Code   RO          596    i.rt_chk_robin      RTX_CM3.LIB(rt_robin.o)
    0x0000197c   0x00000074   Code   RO          517    i.rt_dec_dly        RTX_CM3.LIB(rt_list.o)
    0x000019f0   0x00000044   Code   RO          290    i.rt_dispatch       RTX_CM3.LIB(rt_task.o)
    0x00001a34   0x0000004c   Code   RO          657    i.rt_evt_psh        RTX_CM3.LIB(rt_event.o)
    0x00001a80   0x00000020   Code   RO          620    i.rt_free_box       RTX_CM3.LIB(rt_membox.o)
    0x00001aa0   0x00000028   Code   RO          518    i.rt_get_first      RTX_CM3.LIB(rt_list.o)
    0x00001ac8   0x00000044   Code   RO          291    i.rt_init_context   RTX_CM3.LIB(rt_task.o)
    0x00001b0c   0x00000018   Code   RO          597    i.rt_init_robin     RTX_CM3.LIB(rt_robin.o)
    0x00001b24   0x00000050   Code   RO          392    i.rt_init_stack     RTX_CM3.LIB(hal_cm3.o)
    0x00001b74   0x000000c0   Code   RO          700    i.rt_mbx_psh        RTX_CM3.LIB(rt_mailbox.o)
    0x00001c34   0x00000078   Code   RO          436    i.rt_pop_req        RTX_CM3.LIB(rt_system.o)
    0x00001cac   0x00000036   Code   RO          522    i.rt_put_prio       RTX_CM3.LIB(rt_list.o)
    0x00001ce2   0x00000002   PAD
    0x00001ce4   0x00000014   Code   RO          523    i.rt_put_rdy_first  RTX_CM3.LIB(rt_list.o)
    0x00001cf8   0x00000028   Code   RO          525    i.rt_rmv_dly        RTX_CM3.LIB(rt_list.o)
    0x00001d20   0x00000030   Code   RO          526    i.rt_rmv_list       RTX_CM3.LIB(rt_list.o)
    0x00001d50   0x00000034   Code   RO          746    i.rt_sem_psh        RTX_CM3.LIB(rt_semaphore.o)
    0x00001d84   0x00000024   Code   RO          439    i.rt_stk_check      RTX_CM3.LIB(rt_system.o)
    0x00001da8   0x00000028   Code   RO          292    i.rt_switch_req     RTX_CM3.LIB(rt_task.o)
    0x00001dd0   0x00000158   Code   RO          293    i.rt_sys_init       RTX_CM3.LIB(rt_task.o)
    0x00001f28   0x0000003c   Code   RO          441    i.rt_systick        RTX_CM3.LIB(rt_system.o)
    0x00001f64   0x00000040   Code   RO          815    i.rt_tmr_tick       RTX_CM3.LIB(rt_timer.o)
    0x00001fa4   0x00000094   Code   RO          294    i.rt_tsk_create     RTX_CM3.LIB(rt_task.o)
    0x00002038   0x000000bc   Code   RO          295    i.rt_tsk_delete     RTX_CM3.LIB(rt_task.o)
    0x000020f4   0x00000002   Data   RO           61    .constdata          rtx_conf_cm.o
    0x000020f6   0x00000002   PAD
    0x000020f8   0x00000004   Data   RO           62    .constdata          rtx_conf_cm.o
    0x000020fc   0x00000004   Data   RO           63    .constdata          rtx_conf_cm.o
    0x00002100   0x00000004   Data   RO           64    .constdata          rtx_conf_cm.o
    0x00002104   0x00000001   Data   RO           65    .constdata          rtx_conf_cm.o
    0x00002105   0x00000003   PAD
    0x00002108   0x00000008   Data   RO           66    .constdata          rtx_conf_cm.o
    0x00002110   0x00000002   Data   RO           67    .constdata          rtx_conf_cm.o
    0x00002112   0x00000002   PAD
    0x00002114   0x00000004   Data   RO           68    .constdata          rtx_conf_cm.o
    0x00002118   0x00000001   Data   RO           69    .constdata          rtx_conf_cm.o
    0x00002119   0x00000001   PAD
    0x0000211a   0x00000002   Data   RO           70    .constdata          rtx_conf_cm.o
    0x0000211c   0x00001880   Data   RO           94    .constdata          glcd_spi_lpc1700.o
    0x0000399c   0x00000020   Data   RO          139    .constdata          led.o
    0x000039bc   0x00000020   Data   RO          861    Region$$Table       anon$$obj.o


    Execution Region RW_IRAM1 (Base: 0x10000000, Size: 0x00001788, Max: 0x00008000, ABSOLUTE, COMPRESSED[0x00000040])

    Base Addr    Size         Type   Attr      Idx    E Section Name        Object

    0x10000000   0x00000004   Data   RW           16    .data               system_lpc17xx.o
    0x10000004   0x00000004   Data   RW           71    .data               rtx_conf_cm.o
    0x10000008   0x00000006   Data   RW           95    .data               glcd_spi_lpc1700.o
    0x1000000e   0x00000004   Data   RW          173    .data               adc.o
    0x10000012   0x00000002   PAD
    0x10000014   0x00000964   Data   RW          252    .data               snake_game.o
    0x10000978   0x00000008   Data   RW          300    .data               RTX_CM3.LIB(rt_task.o)
    0x10000980   0x00000001   Data   RW          393    .data               RTX_CM3.LIB(hal_cm3.o)
    0x10000981   0x00000003   PAD
    0x10000984   0x00000008   Data   RW          444    .data               RTX_CM3.LIB(rt_system.o)
    0x1000098c   0x00000008   Data   RW          598    .data               RTX_CM3.LIB(rt_robin.o)
    0x10000994   0x00000004   Data   RW          784    .data               RTX_CM3.LIB(rt_time.o)
    0x10000998   0x00000008   Data   RW          816    .data               RTX_CM3.LIB(rt_timer.o)
    0x100009a0   0x00000004   Data   RW          846    .data               mc_w.l(rand.o)
    0x100009a4   0x0000015c   Zero   RW           57    .bss                rtx_conf_cm.o
    0x10000b00   0x00000650   Zero   RW           58    .bss                rtx_conf_cm.o
    0x10001150   0x00000084   Zero   RW           59    .bss                rtx_conf_cm.o
    0x100011d4   0x0000001c   Zero   RW           60    .bss                rtx_conf_cm.o
    0x100011f0   0x00000338   Zero   RW          251    .bss                snake_game.o
    0x10001528   0x00000030   Zero   RW          299    .bss                RTX_CM3.LIB(rt_task.o)
    0x10001558   0x00000030   Zero   RW          527    .bss                RTX_CM3.LIB(rt_list.o)
    0x10001588   0x00000200   Zero   RW            1    STACK               startup_lpc17xx.o


==============================================================================

Image component sizes


      Code (inc. data)   RO Data    RW Data    ZI Data      Debug   Object Name

       128         20          0          4          0        901   adc.o
      2648         44       6272          6          0       7862   glcd_spi_lpc1700.o
        88         12          0          0          0       1049   kbd.o
       136         12         32          0          0      17975   led.o
         6          0         32          4       2124       8524   rtx_conf_cm.o
        92         14          0          0          0        655   serial.o
      1732        122          0       2404        824      28334   snake_game.o
        40         12        204          0        512        872   startup_lpc17xx.o
       420         32          0          4          0       5189   system_lpc17xx.o

    ----------------------------------------------------------------------
      5292        268       6580       2424       3460      71361   Object Totals
         0          0         32          0          0          0   (incl. Generated)
         2          0          8          2          0          0   (incl. Padding)

    ----------------------------------------------------------------------

      Code (inc. data)   RO Data    RW Data    ZI Data      Debug   Library Member Name

         4          4          0          0          0        136   SVC_Table.o
       516         56          0          1          0       2465   hal_cm3.o
        76          4          0          0          0        541   rt_event.o
       318         20          0          0         48       2840   rt_list.o
       192          4          0          0          0        605   rt_mailbox.o
       128          0          0          0          0       1489   rt_membox.o
        96         22          0          8          0        962   rt_robin.o
        52          6          0          0          0        453   rt_semaphore.o
       258         42          0          8          0       2962   rt_system.o
       856        148          0          8         48       5779   rt_task.o
         0          0          0          4          0        150   rt_time.o
        64          8          0          8          0        583   rt_timer.o
        92          0          0          0          0          0   __dczerorl2.o
         0          0          0          0          0          0   entry.o
         8          4          0          0          0          0   entry2.o
         4          0          0          0          0          0   entry5.o
         0          0          0          0          0          0   entry7b.o
         8          4          0          0          0          0   entry8.o
        30          0          0          0          0          0   handlers.o
        36          8          0          0          0         68   init.o
        30          0          0          0          0         68   llshl.o
        32          0          0          0          0         68   llushr.o
        36         10          0          4          0        136   rand.o
        98          0          0          0          0         92   uldiv.o

    ----------------------------------------------------------------------
      2940        340          0         44         96      19397   Library Totals
         6          0          0          3          0          0   (incl. Padding)

    ----------------------------------------------------------------------

      Code (inc. data)   RO Data    RW Data    ZI Data      Debug   Library Name

      2560        314          0         37         96      18965   RTX_CM3.LIB
       374         26          0          4          0        432   mc_w.l

    ----------------------------------------------------------------------
      2940        340          0         44         96      19397   Library Totals

    ----------------------------------------------------------------------

==============================================================================


      Code (inc. data)   RO Data    RW Data    ZI Data      Debug   

      8232        608       6580       2468       3556      88158   Grand Totals
      8232        608       6580         64       3556      88158   ELF Image Totals (compressed)
      8232        608       6580         64          0          0   ROM Totals

==============================================================================

    Total RO  Size (Code + RO Data)                14812 (  14.46kB)
    Total RW  Size (RW Data + ZI Data)              6024 (   5.88kB)
    Total ROM Size (Code + RO Data + RW Data)      14876 (  14.53kB)

==============================================================================

